exports[`LinkList renders links 1`] = `
<div>
  <SingleLink
    _id={1}
    name=""
    url="" />
  <SingleLink
    _id={2}
    name=""
    url="" />
  <SingleLink
    _id={3}
    name=""
    url="" />
</div>
`;
