exports[`Card renders 1`] = `
<styled.div
  className="card">
  <styled.div />
  <ItemImage
    id="one" />
  <PriceRow
    handleClick={[Function]}
    price={22} />
  <Sizes
    size={Object {}} />
</styled.div>
`;
