exports[`App renders with children 1`] = `
<div>
  <TopBar
    pathname="/" />
   
  test
  <Footer />
</div>
`;
